# Following error occured while installing torch for task 2
OS Error: ERROR: Could not install packages due to an OSError: [Errno 28] No space left on device